// Jest Snapshot v1, https://goo.gl/fbAQLP

exports[`Snapshot User Page Renders User correctly 1`] = `ShallowWrapper {}`;
