// Jest Snapshot v1, https://goo.gl/fbAQLP

exports[`Snapshot Task Component Renders Task correctly 1`] = `ShallowWrapper {}`;
