// Jest Snapshot v1, https://goo.gl/fbAQLP

exports[`Snapshot Users Page Renders Users correctly 1`] = `ShallowWrapper {}`;
