// Jest Snapshot v1, https://goo.gl/fbAQLP

exports[`Snapshot User Component Renders User correctly 1`] = `ShallowWrapper {}`;
